---
source: crates/prb-tui/tests/tui_snapshots.rs
expression: backend
---
" / type / to filter                                                             "
"╭ Events [*] ──────────────────────────────────────────────────────────────────╮"
"│#     Time^        Origin              Protocol   Dir Summary                 │"
"│                                                                              │"
"│                                                                              │"
"│                                                                              │"
"│                                                                              │"
"│                                                                              │"
"│                                                                              │"
"╰──────────────────────────────────────────────────────────────────────────────╯"
"┌ Decode ──────────────────────┐┌ Hex Dump ────────────────────────────────────┐"
"│  Select an event above to see││  Select an event to view raw bytes           │"
"│                              ││                                              │"
"│                              ││                                              │"
"│                              ││                                              │"
"│                              ││                                              │"
"│                              ││                                              │"
"└──────────────────────────────┘└──────────────────────────────────────────────┘"
"┌ Timeline ────────────────────────────────────────────────────────────────────┐"
"│  Load a capture to see time distribution                                     │"
"│                                                                              │"
"│                                                                              │"
"└──────────────────────────────────────────────────────────────────────────────┘"
" 0 events │                 Tab:pane  j/k:nav  s:sort  /:filter  ?:help  q:quit "
