---
source: crates/prb-tui/tests/tui_snapshots.rs
expression: backend
---
" / transport == "gRPC"  [2/3]                                                                                           "
"╭ Events [*] ──────────────────────────────────────────────────────────────────────────────────────────────────────────╮"
"│#     Time^        Source             Destination        Protocol   Dir Summary                                       │"
"│    1 00:00:01.000 10.0.0.1:1234      10.0.0.2:5678      gRPC       ←                                                 │"
"│    3 00:00:03.000 10.0.0.1:1234      10.0.0.2:5678      gRPC       ←                                                 │"
"│                                                                                                                      │"
"│                                                                                                                      │"
"│                                                                                                                      │"
"│                                                                                                                      │"
"│                                                                                                                      │"
"│                                                                                                                      │"
"│                                                                                                                      │"
"│                                                                                                                      │"
"│                                                                                                                      │"
"│                                                                                                                      │"
"│                                                                                                                      │"
"│                                                                                                                      │"
"│                                                                                                                      │"
"╰──────────────────────────────────────────────────────────────────────────────────────────────────────────────────────╯"
"┌ Decode ──────────────────────────────────────┐┌ Hex Dump ────────────────────────────────────────────────────────────┐"
"│  Timestamp: 00:00:01.000                     ││00000000  48 65 6c 6c 6f 20 67 52  50 43                    Hello gRPC│"
"│  Direction: inbound                          ││                                                                      │"
"│▶ Source                                      ││                                                                      │"
"│  Transport: gRPC                             ││                                                                      │"
"│▶ Payload (10 bytes)                          ││                                                                      │"
"│                                              ││                                                                      │"
"│                                              ││                                                                      │"
"│                                              ││                                                                      │"
"│                                              ││                                                                      │"
"│                                              ││                                                                      │"
"│                                              ││                                                                      │"
"│                                              ││                                                                      │"
"│                                              ││                                                                      │"
"└──────────────────────────────────────────────┘└──────────────────────────────────────────────────────────────────────┘"
"┌ Timeline ────────────────────────────────────────────────────────────────────────────────────────────────────────────┐"
"│█                                                                                                                    █│"
"│█                                                                                                                    █│"
"│ 00:00:01.000 --- 00:00:03.000  gRPC: 2  (filtered)                                                                   │"
"└──────────────────────────────────────────────────────────────────────────────────────────────────────────────────────┘"
" 3 events (2 shown) [filtered - Esc to clear] │ gRPC: 2             Tab:pane  j/k:nav  s:sort  /:filter  ?:help  q:quit "
