---
source: crates/prb-tui/tests/tui_snapshots.rs
assertion_line: 117
expression: backend
---
" / type / to filter                                                                                                     "
"╭ Events [*] ──────────────────────────────────────────────────────────────────────────────────────────────────────────╮"
"│#     Time^        Source             Destination        Protocol   Dir Summary                                       │"
"│    1 00:00:01.000 10.0.0.1:1234      10.0.0.2:5678      gRPC       ←                                                 │"
"│                                                                                                                      │"
"│                                                                                                                      │"
"│                                                                                                                      │"
"│                                                                                                                      │"
"│                                                                                                                      │"
"│                                  ┌ Help (press ? or Esc to close) ────────────────┐                                  │"
"│                                  │Global                                          │                                  │"
"│                                  │  Tab / Shift+Tab   Cycle panes                 │                                  │"
"│                                  │  /                 Open filter bar             │                                  │"
"│                                  │  Esc               Clear filter                │                                  │"
"│                                  │  ?                 Toggle help                 │                                  │"
"│                                  │  q / Ctrl+C        Quit                        │                                  │"
"│                                  │                                                │                                  │"
"│                                  │Event List                                      │                                  │"
"╰──────────────────────────────────│  j/k ↑/↓           Navigate events             │──────────────────────────────────╯"
"┌ Decode ──────────────────────────│  g / Home          First event                 │──────────────────────────────────┐"
"│  Timestamp: 00:00:01.000         │  G / End           Last event                  │0 43                    Hello gRPC│"
"│  Direction: inbound              │  PgDn / PgUp       Page up/down                │                                  │"
"│▶ Source                          │                                                │                                  │"
"│  Transport: gRPC                 │Decode Tree                                     │                                  │"
"│▶ Payload (10 bytes)              │  j/k ↑/↓           Navigate nodes              │                                  │"
"│                                  │  Enter / →         Expand                      │                                  │"
"│                                  │  Backspace / ←     Collapse                    │                                  │"
"│                                  │  Space             Toggle                      │                                  │"
"│                                  │                                                │                                  │"
"│                                  │Hex Dump                                        │                                  │"
"│                                  └────────────────────────────────────────────────┘                                  │"
"│                                              ││                                                                      │"
"│                                              ││                                                                      │"
"└──────────────────────────────────────────────┘└──────────────────────────────────────────────────────────────────────┘"
"┌ Timeline ────────────────────────────────────────────────────────────────────────────────────────────────────────────┐"
"│█                                                                                                                     │"
"│█                                                                                                                     │"
"│ 00:00:01.000 --- 00:00:01.000  gRPC: 1                                                                               │"
"└──────────────────────────────────────────────────────────────────────────────────────────────────────────────────────┘"
" 1 events │ gRPC: 1                                                 Tab:pane  j/k:nav  s:sort  /:filter  ?:help  q:quit "
